Error: Cannot find module '.prisma/client/default'
Require stack:
- C:\Users\Indu xxx\Documents\ChatappX\backend\node_modules\@prisma\client\default.js
- C:\Users\Indu xxx\Documents\ChatappX\backend\src\services\prisma.js
- C:\Users\Indu xxx\Documents\ChatappX\backend\src\controllers\chatController.js
- C:\Users\Indu xxx\Documents\ChatappX\backend\src\routes\api.js
- C:\Users\Indu xxx\Documents\ChatappX\backend\src\index.js
- C:\Users\Indu xxx\Documents\ChatappX\backend\[eval]
    at Function._resolveFilename (node:internal/modules/cjs/loader:1225:15)
    at Function._load (node:internal/modules/cjs/loader:1055:27)
    at TracingChannel.traceSync (node:diagnostics_channel:322:14)
    at wrapModuleLoad (node:internal/modules/cjs/loader:220:24)
    at Module.require (node:internal/modules/cjs/loader:1311:12)
    at require (node:internal/modules/helpers:136:16)
    at Object.<anonymous> (C:\Users\Indu xxx\Documents\ChatappX\backend\node_modules\@prisma\client\default.js:2:6)
    at Module._compile (node:internal/modules/cjs/loader:1554:14)
    at Object..js (node:internal/modules/cjs/loader:1706:10)
    at Module.load (node:internal/modules/cjs/loader:1289:32)